// Jest Snapshot v1, https://goo.gl/fbAQLP

exports[`Test: Bucket container 1`] = `"<WithStyles(ForwardRef(Grid)) container={true} style={{...}} spacing={4} />"`;
